[condition 001/075 attempt 1/5] baseline
screw plan failed
  steps=246 success=True max_contact=0.374 phases=[-1, 3, 4] final_dist=0.0066 heading_err=0.0000
[condition 002/075 attempt 1/5] du
screw plan failed.
  steps=216 success=True max_contact=0.157 phases=[-1, 3, 4] final_dist=0.0079 heading_err=0.0000
[condition 003/075 attempt 1/5] du
screw plan failed
  steps=250 success=True max_contact=0.157 phases=[-1, 3, 4] final_dist=0.0076 heading_err=0.0000
[condition 004/075 attempt 1/5] dv
  steps=229 success=True max_contact=0.848 phases=[-1, 3, 4] final_dist=0.0068 heading_err=0.0000
[condition 005/075 attempt 1/5] dv
screw plan failed
  steps=246 success=True max_contact=0.157 phases=[-1, 3, 4] final_dist=0.0076 heading_err=0.0000
[condition 006/075 attempt 1/5] dw
screw plan failed
  steps=247 success=True max_contact=0.157 phases=[-1, 3, 4] final_dist=0.0070 heading_err=0.0000
[condition 007/075 attempt 1/5] dw
screw plan failed
  steps=246 success=True max_contact=0.157 phases=[-1, 3, 4] final_dist=0.0068 heading_err=0.0000
[condition 008/075 attempt 1/5] roll
screw plan failed.
  steps=246 success=True max_contact=0.378 phases=[-1, 3, 4] final_dist=0.0068 heading_err=0.0000
[condition 009/075 attempt 1/5] roll
screw plan failed
screw plan failed
  steps=246 success=True max_contact=0.157 phases=[-1, 3, 4] final_dist=0.0074 heading_err=0.0000
[condition 010/075 attempt 1/5] pitch
screw plan failed
  steps=246 success=True max_contact=0.157 phases=[-1, 3, 4] final_dist=0.0070 heading_err=0.0000
[condition 011/075 attempt 1/5] pitch
screw plan failed
  steps=247 success=True max_contact=0.157 phases=[-1, 3, 4] final_dist=0.0071 heading_err=0.0000
[condition 012/075 attempt 1/5] yaw
screw plan failed
  steps=246 success=True max_contact=0.157 phases=[-1, 3, 4] final_dist=0.0068 heading_err=0.0000
[condition 013/075 attempt 1/5] yaw
screw plan failed
  steps=244 success=True max_contact=0.157 phases=[-1, 3, 4] final_dist=0.0080 heading_err=0.0000
[condition 014/075 attempt 1/5] yaw
  steps=231 success=True max_contact=0.263 phases=[-1, 3, 4] final_dist=0.0070 heading_err=0.0000
[condition 015/075 attempt 1/5] yaw
screw plan failed
  steps=246 success=True max_contact=0.157 phases=[-1, 3, 4] final_dist=0.0070 heading_err=0.0000
[condition 016/075 attempt 1/5] mixed
screw plan failed
  steps=245 success=True max_contact=0.157 phases=[-1, 3, 4] final_dist=0.0069 heading_err=0.0000
[condition 017/075 attempt 1/5] mixed
screw plan failed
  steps=248 success=True max_contact=0.157 phases=[-1, 3, 4] final_dist=0.0074 heading_err=0.0000
[condition 018/075 attempt 1/5] mixed
screw plan failed
  steps=246 success=True max_contact=0.378 phases=[-1, 3, 4] final_dist=0.0075 heading_err=0.0000
[condition 019/075 attempt 1/5] mixed
  steps=228 success=True max_contact=0.714 phases=[-1, 3, 4] final_dist=0.0077 heading_err=0.0000
[condition 020/075 attempt 1/5] mixed
screw plan failed
  steps=246 success=True max_contact=0.377 phases=[-1, 3, 4] final_dist=0.0073 heading_err=0.0000
[condition 021/075 attempt 1/5] mixed
  steps=227 success=True max_contact=0.299 phases=[-1, 3, 4] final_dist=0.0065 heading_err=0.0000
[condition 022/075 attempt 1/5] mixed
screw plan failed.
  steps=247 success=True max_contact=0.386 phases=[-1, 3, 4] final_dist=0.0076 heading_err=0.0000
[condition 023/075 attempt 1/5] mixed
screw plan failed
  steps=246 success=True max_contact=0.375 phases=[-1, 3, 4] final_dist=0.0075 heading_err=0.0000
[condition 024/075 attempt 1/5] mixed
screw plan failed
  steps=244 success=True max_contact=0.157 phases=[-1, 3, 4] final_dist=0.0073 heading_err=0.0000
[condition 025/075 attempt 1/5] mixed
  steps=233 success=True max_contact=0.335 phases=[-1, 3, 4] final_dist=0.0072 heading_err=0.0000
[condition 026/075 attempt 1/5] mixed
screw plan failed
screw plan failed
  steps=246 success=True max_contact=0.157 phases=[-1, 3, 4] final_dist=0.0070 heading_err=0.0000
[condition 027/075 attempt 1/5] mixed
  steps=236 success=True max_contact=0.347 phases=[-1, 3, 4] final_dist=0.0070 heading_err=0.0000
[condition 028/075 attempt 1/5] mixed
screw plan failed
  steps=246 success=True max_contact=0.157 phases=[-1, 3, 4] final_dist=0.0068 heading_err=0.0000
[condition 029/075 attempt 1/5] mixed
  steps=229 success=True max_contact=0.372 phases=[-1, 3, 4] final_dist=0.0077 heading_err=0.0000
[condition 030/075 attempt 1/5] mixed
screw plan failed
  steps=244 success=True max_contact=0.157 phases=[-1, 3, 4] final_dist=0.0066 heading_err=0.0000
[condition 031/075 attempt 1/5] mixed
screw plan failed.
  steps=251 success=True max_contact=0.157 phases=[-1, 3, 4] final_dist=0.0077 heading_err=0.0000
[condition 032/075 attempt 1/5] mixed
  steps=230 success=True max_contact=0.280 phases=[-1, 3, 4] final_dist=0.0072 heading_err=0.0000
[condition 033/075 attempt 1/5] mixed
screw plan failed
  steps=246 success=True max_contact=0.157 phases=[-1, 3, 4] final_dist=0.0078 heading_err=0.0000
[condition 034/075 attempt 1/5] mixed
screw plan failed
  steps=245 success=True max_contact=0.383 phases=[-1, 3, 4] final_dist=0.0063 heading_err=0.0000
[condition 035/075 attempt 1/5] mixed
  steps=232 success=True max_contact=0.258 phases=[-1, 3, 4] final_dist=0.0065 heading_err=0.0000
[condition 036/075 attempt 1/5] mixed
screw plan failed.
  steps=246 success=True max_contact=0.386 phases=[-1, 3, 4] final_dist=0.0073 heading_err=0.0000
[condition 037/075 attempt 1/5] mixed
  steps=231 success=True max_contact=0.995 phases=[-1, 3, 4] final_dist=0.0077 heading_err=0.0000
[condition 038/075 attempt 1/5] mixed
  steps=230 success=True max_contact=0.274 phases=[-1, 3, 4] final_dist=0.0077 heading_err=0.0000
[condition 039/075 attempt 1/5] mixed
screw plan failed
  steps=246 success=True max_contact=0.379 phases=[-1, 3, 4] final_dist=0.0070 heading_err=0.0000
[condition 040/075 attempt 1/5] mixed
  steps=232 success=True max_contact=0.597 phases=[-1, 3, 4] final_dist=0.0077 heading_err=0.0000
[condition 041/075 attempt 1/5] mixed
  steps=232 success=True max_contact=0.283 phases=[-1, 3, 4] final_dist=0.0075 heading_err=0.0000
[condition 042/075 attempt 1/5] mixed
screw plan failed.
  steps=219 success=True max_contact=0.157 phases=[-1, 3, 4] final_dist=0.0072 heading_err=0.0000
[condition 043/075 attempt 1/5] mixed
  steps=233 success=True max_contact=0.418 phases=[-1, 3, 4] final_dist=0.0069 heading_err=0.0000
[condition 044/075 attempt 1/5] mixed
screw plan failed
  steps=246 success=True max_contact=0.157 phases=[-1, 3, 4] final_dist=0.0075 heading_err=0.0000
[condition 045/075 attempt 1/5] mixed
  steps=228 success=True max_contact=0.616 phases=[-1, 3, 4] final_dist=0.0071 heading_err=0.0000
[condition 046/075 attempt 1/5] mixed
screw plan failed.
  steps=220 success=True max_contact=0.157 phases=[-1, 3, 4] final_dist=0.0073 heading_err=0.0000
[condition 047/075 attempt 1/5] mixed
screw plan failed
  steps=244 success=True max_contact=0.157 phases=[-1, 3, 4] final_dist=0.0075 heading_err=0.0000
[condition 048/075 attempt 1/5] mixed
screw plan failed
  steps=248 success=True max_contact=0.375 phases=[-1, 3, 4] final_dist=0.0075 heading_err=0.0000
[condition 049/075 attempt 1/5] mixed
screw plan failed.
  steps=246 success=True max_contact=0.373 phases=[-1, 3, 4] final_dist=0.0080 heading_err=0.0000
[condition 050/075 attempt 1/5] mixed
screw plan failed
  steps=247 success=True max_contact=0.375 phases=[-1, 3, 4] final_dist=0.0076 heading_err=0.0000
[condition 051/075 attempt 1/5] mixed
  steps=226 success=True max_contact=0.619 phases=[-1, 3, 4] final_dist=0.0075 heading_err=0.0000
[condition 052/075 attempt 1/5] mixed
screw plan failed.
  steps=247 success=True max_contact=0.374 phases=[-1, 3, 4] final_dist=0.0070 heading_err=0.0000
[condition 053/075 attempt 1/5] mixed
  steps=233 success=True max_contact=0.375 phases=[-1, 3, 4] final_dist=0.0079 heading_err=0.0000
[condition 054/075 attempt 1/5] mixed
screw plan failed
  steps=244 success=True max_contact=0.374 phases=[-1, 3, 4] final_dist=0.0071 heading_err=0.0000
[condition 055/075 attempt 1/5] mixed
screw plan failed
screw plan failed
  steps=246 success=True max_contact=0.157 phases=[-1, 3, 4] final_dist=0.0080 heading_err=0.0000
[condition 056/075 attempt 1/5] mixed
  steps=232 success=True max_contact=0.544 phases=[-1, 3, 4] final_dist=0.0068 heading_err=0.0000
[condition 057/075 attempt 1/5] mixed
screw plan failed
  steps=248 success=True max_contact=0.157 phases=[-1, 3, 4] final_dist=0.0068 heading_err=0.0000
[condition 058/075 attempt 1/5] mixed
  steps=227 success=True max_contact=0.347 phases=[-1, 3, 4] final_dist=0.0076 heading_err=0.0000
[condition 059/075 attempt 1/5] mixed
screw plan failed.
  steps=222 success=True max_contact=0.157 phases=[-1, 3, 4] final_dist=0.0073 heading_err=0.0000
[condition 060/075 attempt 1/5] mixed
screw plan failed
  steps=242 success=True max_contact=0.377 phases=[-1, 3, 4] final_dist=0.0071 heading_err=0.0000
[condition 061/075 attempt 1/5] mixed
  steps=232 success=True max_contact=0.350 phases=[-1, 3, 4] final_dist=0.0067 heading_err=0.0000
[condition 062/075 attempt 1/5] mixed
screw plan failed
  steps=243 success=True max_contact=0.157 phases=[-1, 3, 4] final_dist=0.0075 heading_err=0.0000
[condition 063/075 attempt 1/5] mixed
  steps=230 success=True max_contact=0.652 phases=[-1, 3, 4] final_dist=0.0080 heading_err=0.0000
[condition 064/075 attempt 1/5] mixed
  steps=229 success=True max_contact=0.565 phases=[-1, 3, 4] final_dist=0.0067 heading_err=0.0000
[condition 065/075 attempt 1/5] mixed
screw plan failed.
  steps=245 success=True max_contact=0.157 phases=[-1, 3, 4] final_dist=0.0071 heading_err=0.0000
[condition 066/075 attempt 1/5] mixed
screw plan failed.
screw plan failed
  steps=248 success=True max_contact=0.157 phases=[-1, 3, 4] final_dist=0.0072 heading_err=0.0000
[condition 067/075 attempt 1/5] mixed
screw plan failed.
  steps=219 success=True max_contact=0.157 phases=[-1, 3, 4] final_dist=0.0074 heading_err=0.0000
[condition 068/075 attempt 1/5] mixed
  steps=233 success=True max_contact=0.319 phases=[-1, 3, 4] final_dist=0.0065 heading_err=0.0000
[condition 069/075 attempt 1/5] mixed
screw plan failed.
  steps=221 success=True max_contact=0.157 phases=[-1, 3, 4] final_dist=0.0079 heading_err=0.0000
[condition 070/075 attempt 1/5] mixed
screw plan failed
  steps=244 success=True max_contact=0.385 phases=[-1, 3, 4] final_dist=0.0077 heading_err=0.0000
[condition 071/075 attempt 1/5] mixed
screw plan failed
  steps=247 success=True max_contact=0.386 phases=[-1, 3, 4] final_dist=0.0076 heading_err=0.0000
[condition 072/075 attempt 1/5] mixed
screw plan failed.
screw plan failed
  steps=217 success=True max_contact=0.157 phases=[-1, 3, 4] final_dist=0.0061 heading_err=0.0000
[condition 073/075 attempt 1/5] mixed
screw plan failed
  steps=254 success=True max_contact=0.157 phases=[-1, 3, 4] final_dist=0.0070 heading_err=0.0000
[condition 074/075 attempt 1/5] mixed
  steps=233 success=True max_contact=0.282 phases=[-1, 3, 4] final_dist=0.0075 heading_err=0.0000
[condition 075/075 attempt 1/5] mixed
  steps=226 success=True max_contact=0.621 phases=[-1, 3, 4] final_dist=0.0067 heading_err=0.0000
DONE free_yaw_push 20260818 rc=0
