[condition 001/075 attempt 1/5] baseline
screw plan failed
  steps=246 success=True max_contact=0.374 phases=[-1, 3, 4] final_dist=0.0066 heading_err=0.0592
[condition 002/075 attempt 1/5] du
screw plan failed.
  steps=216 success=True max_contact=0.157 phases=[-1, 3, 4] final_dist=0.0079 heading_err=0.0771
[condition 003/075 attempt 1/5] du
screw plan failed
  steps=250 success=True max_contact=0.157 phases=[-1, 3, 4] final_dist=0.0076 heading_err=0.0747
[condition 004/075 attempt 1/5] dv
  steps=229 success=True max_contact=0.848 phases=[-1, 3, 4] final_dist=0.0068 heading_err=0.0657
[condition 005/075 attempt 1/5] dv
screw plan failed
  steps=246 success=True max_contact=0.157 phases=[-1, 3, 4] final_dist=0.0076 heading_err=0.0744
[condition 006/075 attempt 1/5] dw
screw plan failed
  steps=247 success=True max_contact=0.157 phases=[-1, 3, 4] final_dist=0.0070 heading_err=0.0744
[condition 007/075 attempt 1/5] dw
screw plan failed
  steps=246 success=True max_contact=0.157 phases=[-1, 3, 4] final_dist=0.0068 heading_err=0.0712
[condition 008/075 attempt 1/5] roll
screw plan failed.
  steps=246 success=True max_contact=0.378 phases=[-1, 3, 4] final_dist=0.0068 heading_err=0.0593
[condition 009/075 attempt 1/5] roll
screw plan failed
screw plan failed
  steps=246 success=True max_contact=0.157 phases=[-1, 3, 4] final_dist=0.0074 heading_err=0.0603
[condition 010/075 attempt 1/5] pitch
screw plan failed
  steps=246 success=True max_contact=0.157 phases=[-1, 3, 4] final_dist=0.0070 heading_err=0.0744
[condition 011/075 attempt 1/5] pitch
screw plan failed
  steps=247 success=True max_contact=0.157 phases=[-1, 3, 4] final_dist=0.0071 heading_err=0.0744
[condition 012/075 attempt 1/5] yaw
screw plan failed
  steps=283 success=True max_contact=0.157 phases=[-1, 3, 4, 5] final_dist=0.0017 heading_err=0.0878
[condition 013/075 attempt 1/5] yaw
screw plan failed
  steps=276 success=True max_contact=0.372 phases=[-1, 3, 4, 5] final_dist=0.0033 heading_err=0.0884
[condition 014/075 attempt 1/5] yaw
  steps=256 success=True max_contact=0.271 phases=[-1, 3, 4, 5] final_dist=0.0023 heading_err=0.0852
[condition 015/075 attempt 1/5] yaw
screw plan failed
screw plan failed
  steps=372 success=True max_contact=9.827 phases=[-1, 3, 4, 5] final_dist=0.0040 heading_err=0.0892
[condition 016/075 attempt 1/5] mixed
screw plan failed
  steps=280 success=True max_contact=0.157 phases=[-1, 3, 4, 5] final_dist=0.0035 heading_err=0.0903
[condition 017/075 attempt 1/5] mixed
screw plan failed
  steps=281 success=True max_contact=0.374 phases=[-1, 3, 4, 5] final_dist=0.0022 heading_err=0.0877
[condition 018/075 attempt 1/5] mixed
screw plan failed
  steps=271 success=True max_contact=0.378 phases=[-1, 3, 4, 5] final_dist=0.0028 heading_err=0.0938
[condition 019/075 attempt 1/5] mixed
  steps=251 success=True max_contact=0.714 phases=[-1, 3, 4, 5] final_dist=0.0038 heading_err=0.0909
[condition 020/075 attempt 1/5] mixed
screw plan failed
  steps=246 success=True max_contact=0.377 phases=[-1, 3, 4] final_dist=0.0073 heading_err=0.0842
[condition 021/075 attempt 1/5] mixed
  steps=227 success=True max_contact=0.299 phases=[-1, 3, 4] final_dist=0.0065 heading_err=0.0947
[condition 022/075 attempt 1/5] mixed
screw plan failed.
  steps=273 success=True max_contact=0.386 phases=[-1, 3, 4, 5] final_dist=0.0028 heading_err=0.0991
[condition 023/075 attempt 1/5] mixed
screw plan failed
  steps=271 success=True max_contact=0.375 phases=[-1, 3, 4, 5] final_dist=0.0023 heading_err=0.0926
[condition 024/075 attempt 1/5] mixed
screw plan failed
  steps=244 success=True max_contact=0.157 phases=[-1, 3, 4] final_dist=0.0073 heading_err=0.0106
[condition 025/075 attempt 1/5] mixed
  steps=257 success=True max_contact=0.328 phases=[-1, 3, 4, 5] final_dist=0.0031 heading_err=0.0975
[condition 026/075 attempt 1/5] mixed
screw plan failed
screw plan failed
  steps=246 success=True max_contact=0.157 phases=[-1, 3, 4] final_dist=0.0070 heading_err=0.0428
[condition 027/075 attempt 1/5] mixed
  steps=274 success=True max_contact=0.355 phases=[-1, 3, 4, 5] final_dist=0.0036 heading_err=0.0855
[condition 028/075 attempt 1/5] mixed
screw plan failed
  steps=273 success=True max_contact=0.375 phases=[-1, 3, 4, 5] final_dist=0.0021 heading_err=0.0977
[condition 029/075 attempt 1/5] mixed
  steps=264 success=True max_contact=0.360 phases=[-1, 3, 4, 5] final_dist=0.0035 heading_err=0.0849
[condition 030/075 attempt 1/5] mixed
screw plan failed
  steps=244 success=True max_contact=0.382 phases=[-1, 3, 4] final_dist=0.0067 heading_err=0.0779
[condition 031/075 attempt 1/5] mixed
screw plan failed.
  steps=279 success=True max_contact=0.346 phases=[-1, 3, 4, 5] final_dist=0.0026 heading_err=0.0900
[condition 032/075 attempt 1/5] mixed
  steps=253 success=True max_contact=0.280 phases=[-1, 3, 4, 5] final_dist=0.0024 heading_err=0.0878
[condition 033/075 attempt 1/5] mixed
screw plan failed
  steps=283 success=True max_contact=0.157 phases=[-1, 3, 4, 5] final_dist=0.0019 heading_err=0.0908
[condition 034/075 attempt 1/5] mixed
screw plan failed
  steps=276 success=True max_contact=0.383 phases=[-1, 3, 4, 5] final_dist=0.0029 heading_err=0.0929
[condition 035/075 attempt 1/5] mixed
  steps=269 success=True max_contact=0.258 phases=[-1, 3, 4, 5] final_dist=0.0022 heading_err=0.0853
[condition 036/075 attempt 1/5] mixed
screw plan failed.
  steps=269 success=True max_contact=0.386 phases=[-1, 3, 4, 5] final_dist=0.0032 heading_err=0.0929
[condition 037/075 attempt 1/5] mixed
  steps=231 success=True max_contact=0.995 phases=[-1, 3, 4] final_dist=0.0077 heading_err=0.0652
[condition 038/075 attempt 1/5] mixed
  steps=254 success=True max_contact=0.274 phases=[-1, 3, 4, 5] final_dist=0.0024 heading_err=0.0989
[condition 039/075 attempt 1/5] mixed
screw plan failed
  steps=284 success=True max_contact=0.379 phases=[-1, 3, 4, 5] final_dist=0.0038 heading_err=0.0981
[condition 040/075 attempt 1/5] mixed
  steps=265 success=True max_contact=0.600 phases=[-1, 3, 4, 5] final_dist=0.0043 heading_err=0.0969
[condition 041/075 attempt 1/5] mixed
  steps=256 success=True max_contact=0.270 phases=[-1, 3, 4, 5] final_dist=0.0035 heading_err=0.0903
[condition 042/075 attempt 1/5] mixed
screw plan failed.
  steps=262 success=True max_contact=0.157 phases=[-1, 3, 4, 5] final_dist=0.0035 heading_err=0.0992
[condition 043/075 attempt 1/5] mixed
  steps=261 success=True max_contact=0.410 phases=[-1, 3, 4, 5] final_dist=0.0029 heading_err=0.0908
[condition 044/075 attempt 1/5] mixed
screw plan failed
  steps=274 success=True max_contact=0.383 phases=[-1, 3, 4, 5] final_dist=0.0026 heading_err=0.0914
[condition 045/075 attempt 1/5] mixed
  steps=228 success=True max_contact=0.615 phases=[-1, 3, 4] final_dist=0.0067 heading_err=0.0874
[condition 046/075 attempt 1/5] mixed
screw plan failed.
  steps=246 success=True max_contact=0.157 phases=[-1, 3, 4, 5] final_dist=0.0018 heading_err=0.0887
[condition 047/075 attempt 1/5] mixed
screw plan failed
  steps=271 success=True max_contact=0.376 phases=[-1, 3, 4, 5] final_dist=0.0018 heading_err=0.0834
[condition 048/075 attempt 1/5] mixed
screw plan failed
  steps=248 success=True max_contact=0.157 phases=[-1, 3, 4] final_dist=0.0078 heading_err=0.0017
[condition 049/075 attempt 1/5] mixed
screw plan failed.
  steps=246 success=True max_contact=0.157 phases=[-1, 3, 4] final_dist=0.0080 heading_err=0.0660
[condition 050/075 attempt 1/5] mixed
screw plan failed
screw plan failed
  steps=282 success=True max_contact=0.385 phases=[-1, 3, 4, 5] final_dist=0.0063 heading_err=0.0974
[condition 051/075 attempt 1/5] mixed
  steps=226 success=True max_contact=0.427 phases=[-1, 3, 4] final_dist=0.0079 heading_err=0.0021
[condition 052/075 attempt 1/5] mixed
screw plan failed.
  steps=275 success=True max_contact=0.157 phases=[-1, 3, 4, 5] final_dist=0.0034 heading_err=0.0863
[condition 053/075 attempt 1/5] mixed
  steps=256 success=True max_contact=0.359 phases=[-1, 3, 4, 5] final_dist=0.0031 heading_err=0.0856
[condition 054/075 attempt 1/5] mixed
screw plan failed
  steps=276 success=True max_contact=0.157 phases=[-1, 3, 4, 5] final_dist=0.0034 heading_err=0.0993
[condition 055/075 attempt 1/5] mixed
screw plan failed
screw plan failed
  steps=274 success=True max_contact=0.157 phases=[-1, 3, 4, 5] final_dist=0.0042 heading_err=0.0922
[condition 056/075 attempt 1/5] mixed
  steps=232 success=True max_contact=0.544 phases=[-1, 3, 4] final_dist=0.0068 heading_err=0.0355
[condition 057/075 attempt 1/5] mixed
screw plan failed
  steps=248 success=True max_contact=0.157 phases=[-1, 3, 4] final_dist=0.0068 heading_err=0.0912
[condition 058/075 attempt 1/5] mixed
  steps=264 success=True max_contact=0.338 phases=[-1, 3, 4, 5] final_dist=0.0037 heading_err=0.0846
[condition 059/075 attempt 1/5] mixed
screw plan failed.
  steps=246 success=True max_contact=0.157 phases=[-1, 3, 4, 5] final_dist=0.0027 heading_err=0.0858
[condition 060/075 attempt 1/5] mixed
screw plan failed
  steps=258 success=True max_contact=0.377 phases=[-1, 3, 4, 5] final_dist=0.0020 heading_err=0.0928
[condition 061/075 attempt 1/5] mixed
  steps=265 success=True max_contact=0.350 phases=[-1, 3, 4, 5] final_dist=0.0041 heading_err=0.0860
[condition 062/075 attempt 1/5] mixed
screw plan failed
screw plan failed
  steps=358 success=True max_contact=0.376 phases=[-1, 3, 4, 5] final_dist=0.0046 heading_err=0.0110
[condition 063/075 attempt 1/5] mixed
  steps=249 success=True max_contact=0.675 phases=[-1, 3, 4, 5] final_dist=0.0034 heading_err=0.0985
[condition 064/075 attempt 1/5] mixed
  steps=259 success=True max_contact=0.600 phases=[-1, 3, 4, 5] final_dist=0.0037 heading_err=0.0852
[condition 065/075 attempt 1/5] mixed
screw plan failed.
  steps=267 success=True max_contact=0.381 phases=[-1, 3, 4, 5] final_dist=0.0028 heading_err=0.0939
[condition 066/075 attempt 1/5] mixed
screw plan failed.
screw plan failed
  steps=266 success=True max_contact=0.157 phases=[-1, 3, 4, 5] final_dist=0.0047 heading_err=0.0977
[condition 067/075 attempt 1/5] mixed
screw plan failed.
  steps=243 success=True max_contact=0.157 phases=[-1, 3, 4, 5] final_dist=0.0026 heading_err=0.0951
[condition 068/075 attempt 1/5] mixed
  steps=271 success=True max_contact=0.327 phases=[-1, 3, 4, 5] final_dist=0.0042 heading_err=0.0841
[condition 069/075 attempt 1/5] mixed
screw plan failed.
  steps=255 success=True max_contact=0.157 phases=[-1, 3, 4, 5] final_dist=0.0022 heading_err=0.0784
[condition 070/075 attempt 1/5] mixed
screw plan failed
screw plan failed
  steps=365 success=True max_contact=0.157 phases=[-1, 3, 4, 5] final_dist=0.0056 heading_err=0.0088
[condition 071/075 attempt 1/5] mixed
screw plan failed
  steps=283 success=True max_contact=0.386 phases=[-1, 3, 4, 5] final_dist=0.0044 heading_err=0.0896
[condition 072/075 attempt 1/5] mixed
screw plan failed.
screw plan failed
  steps=217 success=True max_contact=0.157 phases=[-1, 3, 4] final_dist=0.0061 heading_err=0.0604
[condition 073/075 attempt 1/5] mixed
screw plan failed
  steps=253 success=True max_contact=0.348 phases=[-1, 3, 4] final_dist=0.0079 heading_err=0.0082
[condition 074/075 attempt 1/5] mixed
  steps=260 success=True max_contact=0.274 phases=[-1, 3, 4, 5] final_dist=0.0027 heading_err=0.0848
[condition 075/075 attempt 1/5] mixed
  steps=255 success=True max_contact=0.654 phases=[-1, 3, 4, 5] final_dist=0.0039 heading_err=0.0921
DONE heading_push 20260818 rc=0
