[33;1m2026-09-06 23:21:12,585 - mani_skill  - WARNING - No initial pose set for actor builder of peg_pedestal, setting to default pose q=[1,0,0,0], p=[0,0,0]. Not setting reasonable initial poses may slow down simulation, see https://github.com/haosulab/ManiSkill/issues/421.[0m

[condition 001/009 attempt 1/3] {'generator': 'yaw', 'causal_delta': [0.0, 0.0, -0.5235987755982988]}
screw plan failed.
  steps=434 success=True max_contact=0.000 phases=[-1, 0, 1, 2, 3, 4, 5, 6]
[condition 002/009 attempt 1/3] {'generator': 'yaw', 'causal_delta': [0.0, 0.0, -0.2617993877991494]}
screw plan failed.
  steps=408 success=True max_contact=0.000 phases=[-1, 0, 1, 2, 3, 4, 5, 6]
[condition 003/009 attempt 1/3] {'generator': 'yaw', 'causal_delta': [0.0, 0.0, 0.0]}
screw plan failed.
  steps=381 success=True max_contact=0.000 phases=[-1, 0, 1, 2, 3, 4, 5, 6]
[condition 004/009 attempt 1/3] {'generator': 'yaw', 'causal_delta': [0.0, 0.0, 0.2617993877991494]}
screw plan failed.
  steps=409 success=True max_contact=0.000 phases=[-1, 0, 1, 2, 3, 4, 5, 6]
[condition 005/009 attempt 1/3] {'generator': 'yaw', 'causal_delta': [0.0, 0.0, 0.5235987755982988]}
screw plan failed.
screw plan failed
  steps=514 success=False max_contact=36.743 phases=[-1, 0, 1, 2, 3, 4, 5, 6]
[condition 005/009 attempt 2/3] {'generator': 'yaw', 'causal_delta': [0.0, 0.0, 0.5235987755982988]}
screw plan failed.
screw plan failed
  steps=360 success=True max_contact=0.000 phases=[-1, 0, 1, 2, 3, 4, 5]
[condition 005/009 attempt 3/3] {'generator': 'yaw', 'causal_delta': [0.0, 0.0, 0.5235987755982988]}
screw plan failed.
screw plan failed
  steps=454 success=True max_contact=0.000 phases=[-1, 0, 1, 2, 3, 4, 5, 6]
[condition 006/009 attempt 1/3] {'generator': 'translation', 'causal_delta': [-0.015, 0.0, 0.0]}
screw plan failed.
  steps=386 success=True max_contact=2.665 phases=[-1, 0, 1, 2, 3, 4, 5, 6]
[condition 007/009 attempt 1/3] {'generator': 'translation', 'causal_delta': [0.015, 0.0, 0.0]}
screw plan failed.
  steps=387 success=True max_contact=0.000 phases=[-1, 0, 1, 2, 3, 4, 5, 6]
[condition 008/009 attempt 1/3] {'generator': 'translation', 'causal_delta': [0.0, -0.015, 0.0]}
screw plan failed.
  steps=381 success=True max_contact=0.000 phases=[-1, 0, 1, 2, 3, 4, 5, 6]
[condition 009/009 attempt 1/3] {'generator': 'translation', 'causal_delta': [0.0, 0.015, 0.0]}
screw plan failed.
  steps=382 success=True max_contact=0.000 phases=[-1, 0, 1, 2, 3, 4, 5, 6]

